0x00000000 0000 1100 0000 0000 0000 0000 0001 0111
0x00000004 0011 1100 0000 0001 0000 0000 0000 0000
0x00000008 0011 0100 0010 0010 0000 0000 0000 1010
0x0000000c 0000 0000 0000 0000 0000 0000 0000 0000
0x00000010 0000 0000 0000 0000 0000 0000 0000 1100
0x00000014 0011 1100 0000 0001 0000 0000 0000 0000
0x00000018 0011 0100 0010 0010 0000 0000 0000 1001
0x0000001c 0000 0000 0000 0000 0000 0000 0000 0000
0x00000020 0000 0000 0000 0000 0000 0000 0000 1100
0x00000024 0000 0011 1110 0000 0000 0000 0000 1000
0x00000028 0011 1100 0000 0001 0000 0000 0000 0000
0x0000002c 0011 0100 0010 0010 0000 0000 0000 0001
0x00000030 0000 0000 0000 0000 0000 0000 0000 0000
0x00000034 0000 0000 0000 0000 0000 0000 0000 1100
0x00000038 0011 1100 0000 0001 0000 0000 0000 0000
0x0000003c 0011 0100 0010 0100 0000 0000 0000 0000
0x00000040 0011 1100 0000 0001 0000 0000 0000 0000
0x00000044 0011 0100 0010 0010 0000 0000 0000 0100
0x00000048 0000 0000 0000 0000 0000 0000 0000 0000
0x0000004c 0000 0000 0000 0000 0000 0000 0000 1100
0x00000050 0000 0011 1110 0000 0000 0000 0000 1000
0x00000054 0011 1100 0000 0001 0000 0000 0000 0000
0x00000058 0011 0100 0010 0010 0000 0000 0000 0100
0x0000005c 0000 0000 0000 0000 0000 0000 0000 0000
0x00000060 0000 0000 0000 0000 0000 0000 0000 1100
0x00000064 0011 1100 0000 0001 0000 0000 0000 0000
0x00000068 0011 0100 0010 0010 0000 0000 0000 1010
0x0000006c 0000 0000 0000 0000 0000 0000 0000 0000
0x00000070 0000 0000 0000 0000 0000 0000 0000 1100
0x00000074 1010 1111 1011 1110 1111 1111 1111 1000
0x00000078 0000 0011 1010 0000 1111 0000 0010 0000
0x0000007c 0010 0111 1011 1101 1111 1111 1011 0100
0x00000080 1010 1111 1101 1111 1111 1111 1111 1100
0x00000084 0011 1100 0000 0001 0000 0000 0000 0000
0x00000088 0011 0100 0010 0100 0000 0000 0000 0100
0x0000008c 0000 1100 0000 0000 0000 0000 0000 0100
0x00000090 0000 0000 0100 0000 0100 0000 0010 0000
0x00000094 0011 1100 0000 0001 0000 0000 0000 0000
0x00000098 0011 0100 0011 1001 0000 0000 1111 1100
0x0000009c 1010 1101 0001 1001 0000 0000 0000 0000
0x000000a0 0001 0101 0000 0000 1111 1111 1111 1101
0x000000a4 0011 1100 0000 0001 0000 0000 0000 0000
0x000000a8 0011 0100 0010 0100 0000 0000 0000 1000
0x000000ac 0000 1000 0000 0000 0000 0000 0001 0001
0x000000b0 1000 1101 0000 1001 0000 0000 0000 0000
0x000000b4 1000 1101 0010 1001 0000 0000 0000 0000
0x000000b8 1010 1111 1101 0000 1111 1111 1111 0100
0x000000bc 1010 1111 1101 0001 1111 1111 1111 0000
0x000000c0 1010 1111 1101 0010 1111 1111 1110 1100
0x000000c4 1010 1111 1101 0011 1111 1111 1110 1000
0x000000c8 1010 1111 1101 0100 1111 1111 1110 0100
0x000000cc 1010 1111 1101 0101 1111 1111 1110 0000
0x000000d0 1010 1111 1101 0110 1111 1111 1101 1100
0x000000d4 1010 1111 1100 1000 1111 1111 1101 1000
0x000000d8 1010 1111 1100 1001 1111 1111 1101 0100
0x000000dc 1010 1111 1100 1010 1111 1111 1101 0000
0x000000e0 1010 1111 1100 1011 1111 1111 1100 1100
0x000000e4 1010 1111 1100 1100 1111 1111 1100 1000
0x000000e8 1010 1111 1100 1101 1111 1111 1100 0100
0x000000ec 1010 1111 1100 1110 1111 1111 1100 0000
0x000000f0 1010 1111 1100 1111 1111 1111 1011 1100
0x000000f4 1010 1111 1101 1000 1111 1111 1011 1000
0x000000f8 1010 1111 1100 0011 1111 1111 1011 0100
0x000000fc 0000 0001 0000 0000 0010 0000 0010 0000
0x00000100 0011 1100 0000 0001 0000 0000 0000 0000
0x00000104 0011 0100 0010 0101 0000 0000 0000 1010
0x00000108 0000 0001 0010 0000 1111 1000 0000 1001
0x0000010c 1000 1111 1101 0000 1111 1111 1111 0100
0x00000110 1000 1111 1101 0001 1111 1111 1111 0000
0x00000114 1000 1111 1101 0010 1111 1111 1110 1100
0x00000118 1000 1111 1101 0011 1111 1111 1110 1000
0x0000011c 1000 1111 1101 0100 1111 1111 1110 0100
0x00000120 1000 1111 1101 0101 1111 1111 1110 0000
0x00000124 1000 1111 1101 0110 1111 1111 1101 1100
0x00000128 1000 1111 1100 1000 1111 1111 1101 1000
0x0000012c 1000 1111 1100 1001 1111 1111 1101 0100
0x00000130 1000 1111 1100 1010 1111 1111 1101 0000
0x00000134 1000 1111 1100 1011 1111 1111 1100 1100
0x00000138 1000 1111 1100 1100 1111 1111 1100 1000
0x0000013c 1000 1111 1100 1101 1111 1111 1100 0100
0x00000140 1000 1111 1100 1110 1111 1111 1100 0000
0x00000144 1000 1111 1100 1111 1111 1111 1011 1100
0x00000148 1000 1111 1101 1000 1111 1111 1011 1000
0x0000014c 1000 1111 1100 0011 1111 1111 1011 0100
0x00000150 0000 0000 0100 0000 0101 0000 0010 0000
0x00000154 0000 0001 0100 0000 0010 0000 0010 0000
0x00000158 0000 1100 0000 0000 0000 0000 0000 1000
0x0000015c 1000 1111 1101 1111 1111 1111 1111 1100
0x00000160 1000 1111 1101 1110 1111 1111 1111 1000
0x00000164 0010 0111 1011 1101 0000 0000 0100 1100
0x00000168 0000 0011 1110 0000 0000 0000 0000 1000
0x0000016c 1010 1111 1011 1110 1111 1111 1111 1000
0x00000170 0000 0011 1010 0000 1111 0000 0010 0000
0x00000174 0010 0111 1011 1101 1111 1111 1010 1100
0x00000178 1010 1111 1101 1111 1111 1111 1111 1100
0x0000017c 1010 1111 1101 0000 1111 1111 1111 0100
0x00000180 1010 1111 1101 0001 1111 1111 1111 0000
0x00000184 0000 0000 1000 0000 0110 1000 0010 0000
0x00000188 0000 0000 1010 0000 1000 0000 0010 0000
0x0000018c 0010 1010 0000 1000 0000 0000 0000 0001
0x00000190 0001 0001 0000 0000 1111 1111 1111 1101
0x00000194 0011 1100 0000 0001 0000 0000 0000 0000
0x00000198 0011 0100 0011 0001 0000 0000 0000 0001
0x0000019c 0000 1000 0000 0000 0000 0000 1000 1110
0x000001a0 0010 0110 0000 1001 1111 1111 1111 1111
0x000001a4 1000 1101 1010 1010 0000 0000 0000 0000
0x000001a8 1000 1101 0100 1010 0000 0000 0000 0000
0x000001ac 1010 1111 1101 0000 1111 1111 1110 1100
0x000001b0 1010 1111 1101 0001 1111 1111 1110 1000
0x000001b4 1010 1111 1101 0010 1111 1111 1110 0100
0x000001b8 1010 1111 1101 0011 1111 1111 1110 0000
0x000001bc 1010 1111 1101 0100 1111 1111 1101 1100
0x000001c0 1010 1111 1101 0101 1111 1111 1101 1000
0x000001c4 1010 1111 1101 0110 1111 1111 1101 0100
0x000001c8 1010 1111 1100 1000 1111 1111 1101 0000
0x000001cc 1010 1111 1100 1001 1111 1111 1100 1100
0x000001d0 1010 1111 1100 1010 1111 1111 1100 1000
0x000001d4 1010 1111 1100 1011 1111 1111 1100 0100
0x000001d8 1010 1111 1100 1100 1111 1111 1100 0000
0x000001dc 1010 1111 1100 1101 1111 1111 1011 1100
0x000001e0 1010 1111 1100 1110 1111 1111 1011 1000
0x000001e4 1010 1111 1100 1111 1111 1111 1011 0100
0x000001e8 1010 1111 1101 1000 1111 1111 1011 0000
0x000001ec 1010 1111 1100 0011 1111 1111 1010 1100
0x000001f0 0000 0001 1010 0000 0010 0000 0010 0000
0x000001f4 0000 0001 0010 0000 0010 1000 0010 0000
0x000001f8 0000 0001 0100 0000 1111 1000 0000 1001
0x000001fc 1000 1111 1101 0000 1111 1111 1110 1100
0x00000200 1000 1111 1101 0001 1111 1111 1110 1000
0x00000204 1000 1111 1101 0010 1111 1111 1110 0100
0x00000208 1000 1111 1101 0011 1111 1111 1110 0000
0x0000020c 1000 1111 1101 0100 1111 1111 1101 1100
0x00000210 1000 1111 1101 0101 1111 1111 1101 1000
0x00000214 1000 1111 1101 0110 1111 1111 1101 0100
0x00000218 1000 1111 1100 1000 1111 1111 1101 0000
0x0000021c 1000 1111 1100 1001 1111 1111 1100 1100
0x00000220 1000 1111 1100 1010 1111 1111 1100 1000
0x00000224 1000 1111 1100 1011 1111 1111 1100 0100
0x00000228 1000 1111 1100 1100 1111 1111 1100 0000
0x0000022c 1000 1111 1100 1101 1111 1111 1011 1100
0x00000230 1000 1111 1100 1110 1111 1111 1011 1000
0x00000234 1000 1111 1100 1111 1111 1111 1011 0100
0x00000238 1000 1111 1101 1000 1111 1111 1011 0000
0x0000023c 1000 1111 1100 0011 1111 1111 1010 1100
0x00000240 0000 0000 0100 0000 0101 1000 0010 0000
0x00000244 0000 0001 0110 0000 0110 0000 0010 0000
0x00000248 0000 0001 1001 0000 0000 0000 0001 1000
0x0000024c 0000 0001 1000 0000 1000 1000 0010 0000
0x00000250 0000 0010 0010 0000 0001 0000 0010 0000
0x00000254 1000 1111 1101 0000 1111 1111 1111 0100
0x00000258 1000 1111 1101 0001 1111 1111 1111 0000
0x0000025c 1000 1111 1101 1111 1111 1111 1111 1100
0x00000260 1000 1111 1101 1110 1111 1111 1111 1000
0x00000264 0010 0111 1011 1101 0000 0000 0101 0100
0x00000268 0000 0011 1110 0000 0000 0000 0000 1000
0x0000026c 0000 0011 1110 0000 0000 0000 0000 1000
0x00000270 1010 1111 1011 1110 1111 1111 1111 1000
0x00000274 0000 0011 1010 0000 1111 0000 0010 0000
0x00000278 0010 0111 1011 1101 1111 1111 1011 0100
0x0000027c 1010 1111 1101 1111 1111 1111 1111 1100
0x00000280 0000 0000 1000 0000 0100 1000 0010 0000
0x00000284 0010 0100 0000 1000 0000 0000 0000 0100
0x00000288 0000 0001 0000 1001 0000 0000 0001 1000
0x0000028c 0010 0101 0000 1000 0000 0000 0000 0100
0x00000290 0000 0001 0000 0000 0010 0000 0010 0000
0x00000294 0000 1100 0000 0000 0000 0000 0000 0100
0x00000298 0000 0000 0100 0000 0101 0000 0010 0000
0x0000029c 1010 1101 0100 1001 0000 0000 0000 0000
0x000002a0 0000 0001 0100 0000 0001 0000 0010 0000
0x000002a4 1000 1111 1101 1111 1111 1111 1111 1100
0x000002a8 1000 1111 1101 1110 1111 1111 1111 1000
0x000002ac 0010 0111 1011 1101 0000 0000 0100 1100
0x000002b0 0000 0011 1110 0000 0000 0000 0000 1000
