0x00000000 0010 0000 0000 1000 0000 0000 0000 0000
0x00000004 0010 0000 0000 1001 0000 0000 0001 0100
0x00000008 1000 1100 0001 0000 0000 0000 0000 0000
0x0000000c 1000 1100 0001 0001 0000 0000 0000 0000
0x00000010 0010 0000 0001 0010 0000 0000 0000 0000
0x00000014 0001 0001 0000 1001 0000 0000 0000 1010
0x00000018 1000 1101 0000 1010 0000 0000 0000 0000
0x0000001c 0000 0010 0100 1010 1001 0000 0010 0000
0x00000020 0000 0001 0101 0000 0101 1000 0010 1010
0x00000024 0001 0001 0110 0000 0000 0000 0000 0001
0x00000028 0000 0001 0100 0000 1000 0000 0010 0000
0x0000002c 0000 0010 0010 1010 0101 1000 0010 1010
0x00000030 0001 0001 0110 0000 0000 0000 0000 0001
0x00000034 0000 0001 0100 0000 1000 1000 0010 0000
0x00000038 0010 0001 0000 1000 0000 0000 0000 0100
0x0000003c 0000 1000 0000 0000 0000 0000 0000 0101
0x00000040 1010 1100 0001 0000 0000 0000 0010 0000
0x00000044 1010 1100 0001 0001 0000 0000 0010 0100
0x00000048 1010 1100 0001 0010 0000 0000 0010 1000
0x0000004c 0010 0000 0000 1111 0000 0000 0000 0001
